// Jest Snapshot v1, https://goo.gl/fbAQLP

exports[`<SnippetList /> renders the UI as expected 1`] = `""`;
