// Jest Snapshot v1, https://goo.gl/fbAQLP

exports[`<ProjectList /> renders the UI as expected 1`] = `""`;
