// Jest Snapshot v1, https://goo.gl/fbAQLP

exports[`<Login /> renders the UI as expected 1`] = `
<form
  className="LoginForm"
  onSubmit={[Function]}
>
  <div
    role="alert"
  />
  <div
    className="user_name"
  >
    <label
      htmlFor="LoginForm__user_name"
    >
      User name: 
    </label>
    <input
      id="LoginForm__user_name"
      name="user_name"
      required={true}
      type="text"
    />
  </div>
  <div
    className="password"
  >
    <label
      htmlFor="LoginForm__password"
    >
      Password: 
    </label>
    <input
      id="LoginForm__password"
      name="password"
      required={true}
      type="password"
    />
  </div>
  <button
    type="submit"
  >
    LOGIN
  </button>
</form>
`;
